// Jest Snapshot v1, https://goo.gl/fbAQLP

exports[`Bookings repository should search bookings 1`] = `"{\\"where\\":[{\\"_startDateTime\\":{\\"_type\\":\\"between\\",\\"_value\\":[\\"2020-01-01T14:00:00.000Z\\",\\"2020-01-02T14:00:00.000Z\\"],\\"_useParameter\\":true,\\"_multipleParameters\\":true},\\"_status\\":10}]}"`;

exports[`Bookings repository should search bookings without status 1`] = `"{\\"where\\":[{\\"_startDateTime\\":{\\"_type\\":\\"between\\",\\"_value\\":[\\"2020-01-01T14:00:00.000Z\\",\\"2020-01-02T14:00:00.000Z\\"],\\"_useParameter\\":true,\\"_multipleParameters\\":true}}]}"`;
